9251 6278 9531
9895 10653 10550
11104 10510 13070
