9225 12375 5795
17556 21594 10294
12709 15308 7412
